Flow report for simd
Sun Apr  7 03:20:35 2024
Quartus Prime Version 22.1std.0 Build 915 10/25/2022 SC Lite Edition


---------------------
; Table of Contents ;
---------------------
  1. Legal Notice
  2. Flow Summary
  3. Flow Settings
  4. Flow Non-Default Global Settings
  5. Flow Elapsed Time
  6. Flow OS Summary
  7. Flow Log
  8. Flow Messages
  9. Flow Suppressed Messages



----------------
; Legal Notice ;
----------------
Copyright (C) 2022  Intel Corporation. All rights reserved.
Your use of Intel Corporation's design tools, logic functions 
and other software and tools, and any partner logic 
functions, and any output files from any of the foregoing 
(including device programming or simulation files), and any 
associated documentation or information are expressly subject 
to the terms and conditions of the Intel Program License 
Subscription Agreement, the Intel Quartus Prime License Agreement,
the Intel FPGA IP License Agreement, or other applicable license
agreement, including, without limitation, that your use is for
the sole purpose of programming logic devices manufactured by
Intel and sold by Intel or its authorized distributors.  Please
refer to the applicable agreement for further details, at
https://fpgasoftware.intel.com/eula.



+----------------------------------------------------------------------------------+
; Flow Summary                                                                     ;
+---------------------------------+------------------------------------------------+
; Flow Status                     ; Successful - Sun Apr  7 03:20:35 2024          ;
; Quartus Prime Version           ; 22.1std.0 Build 915 10/25/2022 SC Lite Edition ;
; Revision Name                   ; simd                                           ;
; Top-level Entity Name           ; top                                            ;
; Family                          ; Cyclone V                                      ;
; Device                          ; 5CSEMA5F31C6                                   ;
; Timing Models                   ; Final                                          ;
; Logic utilization (in ALMs)     ; 11,624 / 32,070 ( 36 % )                       ;
; Total registers                 ; 12861                                          ;
; Total pins                      ; 5 / 457 ( 1 % )                                ;
; Total virtual pins              ; 0                                              ;
; Total block memory bits         ; 3,208,688 / 4,065,280 ( 79 % )                 ;
; Total DSP Blocks                ; 17 / 87 ( 20 % )                               ;
; Total HSSI RX PCSs              ; 0                                              ;
; Total HSSI PMA RX Deserializers ; 0                                              ;
; Total HSSI TX PCSs              ; 0                                              ;
; Total HSSI PMA TX Serializers   ; 0                                              ;
; Total PLLs                      ; 0 / 6 ( 0 % )                                  ;
; Total DLLs                      ; 0 / 4 ( 0 % )                                  ;
+---------------------------------+------------------------------------------------+


+-----------------------------------------+
; Flow Settings                           ;
+-------------------+---------------------+
; Option            ; Setting             ;
+-------------------+---------------------+
; Start date & time ; 04/07/2024 02:57:16 ;
; Main task         ; Compilation         ;
; Revision Name     ; simd                ;
+-------------------+---------------------+


+---------------------------------------------------------------------------------------------------------------------------------------------------------------------+
; Flow Non-Default Global Settings                                                                                                                                    ;
+--------------------------------------+------------------------------------------------------------+---------------+-------------+-----------------------------------+
; Assignment Name                      ; Value                                                      ; Default Value ; Entity Name ; Section Id                        ;
+--------------------------------------+------------------------------------------------------------+---------------+-------------+-----------------------------------+
; COMPILER_SIGNATURE_ID                ; 13432886702399.171248023617524                             ; --            ; --          ; --                                ;
; EDA_DESIGN_INSTANCE_NAME             ; NA                                                         ; --            ; --          ; datapath_tb                       ;
; EDA_GENERATE_FUNCTIONAL_NETLIST      ; Off                                                        ; --            ; --          ; eda_board_design_timing           ;
; EDA_GENERATE_FUNCTIONAL_NETLIST      ; Off                                                        ; --            ; --          ; eda_board_design_boundary_scan    ;
; EDA_GENERATE_FUNCTIONAL_NETLIST      ; Off                                                        ; --            ; --          ; eda_board_design_signal_integrity ;
; EDA_GENERATE_FUNCTIONAL_NETLIST      ; Off                                                        ; --            ; --          ; eda_board_design_symbol           ;
; EDA_NATIVELINK_SIMULATION_TEST_BENCH ; datapath_tb                                                ; --            ; --          ; eda_simulation                    ;
; EDA_OUTPUT_DATA_FORMAT               ; Systemverilog Hdl                                          ; --            ; --          ; eda_simulation                    ;
; EDA_SIMULATION_TOOL                  ; ModelSim (SystemVerilog)                                   ; <None>        ; --          ; --                                ;
; EDA_TEST_BENCH_ENABLE_STATUS         ; TEST_BENCH_MODE                                            ; --            ; --          ; eda_simulation                    ;
; EDA_TEST_BENCH_FILE                  ; datapath_tb.sv                                             ; --            ; --          ; datapath_tb                       ;
; EDA_TEST_BENCH_MODULE_NAME           ; datapath_tb                                                ; --            ; --          ; datapath_tb                       ;
; EDA_TEST_BENCH_NAME                  ; datapath_tb                                                ; --            ; --          ; eda_simulation                    ;
; EDA_TIME_SCALE                       ; 1 ps                                                       ; --            ; --          ; eda_simulation                    ;
; MAX_CORE_JUNCTION_TEMP               ; 85                                                         ; --            ; --          ; --                                ;
; MIN_CORE_JUNCTION_TEMP               ; 0                                                          ; --            ; --          ; --                                ;
; MISC_FILE                            ; rom_bb.v                                                   ; --            ; --          ; --                                ;
; MISC_FILE                            ; ram7_bb.v                                                  ; --            ; --          ; --                                ;
; MISC_FILE                            ; counters/synthesis/../counters.cmp                         ; --            ; --          ; --                                ;
; MISC_FILE                            ; counters/synthesis/../../counters.qsys                     ; --            ; --          ; --                                ;
; PARTITION_COLOR                      ; -- (Not supported for targeted family)                     ; --            ; top         ; Top                               ;
; PARTITION_FITTER_PRESERVATION_LEVEL  ; -- (Not supported for targeted family)                     ; --            ; top         ; Top                               ;
; PARTITION_NETLIST_TYPE               ; -- (Not supported for targeted family)                     ; --            ; top         ; Top                               ;
; POWER_BOARD_THERMAL_MODEL            ; None (CONSERVATIVE)                                        ; --            ; --          ; --                                ;
; POWER_PRESET_COOLING_SOLUTION        ; 23 MM HEAT SINK WITH 200 LFPM AIRFLOW                      ; --            ; --          ; --                                ;
; PROJECT_OUTPUT_DIRECTORY             ; output_files                                               ; --            ; --          ; --                                ;
; SLD_FILE                             ; counters/synthesis/counters.debuginfo                      ; --            ; --          ; --                                ;
; SLD_INFO                             ; QSYS_NAME counters HAS_SOPCINFO 1 GENERATION_ID 1712480003 ; --            ; counters    ; --                                ;
; SOPCINFO_FILE                        ; counters/synthesis/../../counters.sopcinfo                 ; --            ; --          ; --                                ;
; SYNTHESIS_ONLY_QIP                   ; On                                                         ; --            ; --          ; --                                ;
; TOP_LEVEL_ENTITY                     ; top                                                        ; simd          ; --          ; --                                ;
+--------------------------------------+------------------------------------------------------------+---------------+-------------+-----------------------------------+


+--------------------------------------------------------------------------------------------------------------------------+
; Flow Elapsed Time                                                                                                        ;
+----------------------+--------------+-------------------------+---------------------+------------------------------------+
; Module Name          ; Elapsed Time ; Average Processors Used ; Peak Virtual Memory ; Total CPU Time (on all processors) ;
+----------------------+--------------+-------------------------+---------------------+------------------------------------+
; Analysis & Synthesis ; 00:00:54     ; 3.3                     ; 5268 MB             ; 00:02:13                           ;
; Fitter               ; 00:20:55     ; 1.2                     ; 8386 MB             ; 00:39:22                           ;
; Assembler            ; 00:00:25     ; 1.0                     ; 5089 MB             ; 00:00:18                           ;
; Timing Analyzer      ; 00:00:36     ; 5.3                     ; 5718 MB             ; 00:02:11                           ;
; EDA Netlist Writer   ; 00:00:11     ; 1.0                     ; 4939 MB             ; 00:00:07                           ;
; Total                ; 00:23:01     ; --                      ; --                  ; 00:44:11                           ;
+----------------------+--------------+-------------------------+---------------------+------------------------------------+


+------------------------------------------------------------------------------------+
; Flow OS Summary                                                                    ;
+----------------------+------------------+------------+------------+----------------+
; Module Name          ; Machine Hostname ; OS Name    ; OS Version ; Processor type ;
+----------------------+------------------+------------+------------+----------------+
; Analysis & Synthesis ; LAPTOP-SKUFJ66D  ; Windows 10 ; 10.0       ; x86_64         ;
; Fitter               ; LAPTOP-SKUFJ66D  ; Windows 10 ; 10.0       ; x86_64         ;
; Assembler            ; LAPTOP-SKUFJ66D  ; Windows 10 ; 10.0       ; x86_64         ;
; Timing Analyzer      ; LAPTOP-SKUFJ66D  ; Windows 10 ; 10.0       ; x86_64         ;
; EDA Netlist Writer   ; LAPTOP-SKUFJ66D  ; Windows 10 ; 10.0       ; x86_64         ;
+----------------------+------------------+------------+------------+----------------+


------------
; Flow Log ;
------------
quartus_map --read_settings_files=on --write_settings_files=off simd -c simd
quartus_fit --read_settings_files=off --write_settings_files=off simd -c simd
quartus_asm --read_settings_files=off --write_settings_files=off simd -c simd
quartus_sta simd -c simd
quartus_eda --read_settings_files=off --write_settings_files=off simd -c simd



